---
source: crates/horns-ratatui/src/render.rs
expression: out
---
┌provider──────────────────────────────────────────────────┐
│endpoint: https://api.example.com  HTTPS URL              │
│api_key: ••••••  required                                 │
│                                                          │
└──────────────────────────────────────────────────────────┘
