---
source: crates/horns-ratatui/src/render.rs
expression: out
---
status
┌items─────────────────────────────────┐
│alpha                                 │
│       ┌edit──────────────────┐       │
│       │name: personal        │       │
│       │                      │       │
│       │                      │       │
│       │                      │       │
│       └──────────────────────┘       │
│                                      │
│                                      │
└──────────────────────────────────────┘
