---
source: crates/ox-cli/src/view_render.rs
assertion_line: 520
expression: out
---
┌provider──────────────────────────────────────────────────┐
│endpoint: https://api.example.com  HTTPS URL              │
│api_key: ••••••  required                                 │
│                                                          │
└──────────────────────────────────────────────────────────┘
