---
source: crates/ox-cli/tests/settings_e2e.rs
expression: "&frame_after_y"
---
┌Settings──────────────────────────────────────────────────────────────────────┐
│▾ Connections [0]                                                             │
│    + New connection                                                          │
│▸ Models                                                                      │
│                                                                              │
│                                                                              │
│                                                                              │
│                                                                              │
│                                                                              │
│                                                                              │
│                                                                              │
│                                                                              │
│                                                                              │
│                                                                              │
│                                                                              │
│                                                                              │
│                                                                              │
│                                                                              │
│                                                                              │
│                                                                              │
│                                                                              │
│                                                                              │
│                                                                        ? help│
└──────────────────────────────────────────────────────────────────────────────┘
