---
source: crates/ox-cli/tests/settings_e2e.rs
expression: "&frame_after_d"
---
┌Settings──────────────────────────────────────────────────────────────────────┐
│Delete 'anthropic'? y / n                                                     │
│▾ Connections [1]                                                             │
│    + New connection                                                          │
│  ▸ anthropic                                                                 │
│  anthropic · https://api.anthropic.com                                       │
│▸ Models                                                                      │
│                                                                              │
│                                                                              │
│                                                                              │
│                                                                              │
│                                                                              │
│                                                                              │
│                                                                              │
│                                                                              │
│                                                                              │
│                                                                              │
│                                                                              │
│                                                                              │
│                                                                              │
│                                                                              │
│                                                                              │
│                                                                        ? help│
└──────────────────────────────────────────────────────────────────────────────┘
