---
source: crates/ox-cli/tests/settings_e2e.rs
assertion_line: 1250
expression: "&frame"
---
┌Settings──────────────────────────────────────────────────────────────────────┐
│▾ Connections [0]                                                             │
│    Name▸ Test▏                                                               │
│▸ Models                                                                      │
│                                                                              │
│                                                                              │
│                                                                              │
│                                                                              │
│                                                                              │
│                                                                              │
│                                                                              │
│                                                                              │
│                                                                              │
│                                                                              │
│                                                                              │
│                                                                              │
│                                                                              │
│                                                                              │
│                                                                              │
│                                                                              │
│                                                                              │
│                                                                              │
│                                                                              │
└──────────────────────────────────────────────────────────────────────────────┘
