---
source: crates/ox-cli/tests/settings_e2e.rs
expression: "&frame_protocol"
---
┌Settings──────────────────────────────────────────────────────────────────────┐
│▸ Connections [0]                                                             │
│    + New connection (Tab to navigate, Enter to create, Esc to cancel)        │
│    Name: my-personal                                                         │
│    Protocol: < anthropic >                                                   │
│    Endpoint:   required                                                      │
│    Auth: (not selected)  select an auth scheme                               │
│    Key:   required for x-api-key / bearer-token                              │
│▸ Models                                                                      │
│                                                                              │
│                                                                              │
│                                                                              │
│                                                                              │
│                                                                              │
│                                                                              │
│                                                                              │
│                                                                              │
│                                                                              │
│                                                                              │
│                                                                              │
│                                                                              │
│                                                                              │
│                                                                        ? help│
└──────────────────────────────────────────────────────────────────────────────┘
