---
source: crates/ox-cli/tests/settings_e2e.rs
expression: "&frame_modal_open"
---
┌Settings──────────────────────────────────────────────────────────────────────┐
│▸ Connections [0]                                                             │
│▸ Models                                                                      │
│                                                                              │
│                                                                              │
│                                                                              │
│               ┌New connection────────────────────────────────┐               │
│               │Name:   Enter to create. Esc to cancel.       │               │
│               │                                              │               │
│               │                                              │               │
│               │                                              │               │
│               │                                              │               │
│               │                                              │               │
│               │                                              │               │
│               │                                              │               │
│               │                                              │               │
│               │                                              │               │
│               └──────────────────────────────────────────────┘               │
│                                                                              │
│                                                                              │
│                                                                              │
│                                                                              │
│                                                                              │
└──────────────────────────────────────────────────────────────────────────────┘
