---
source: crates/ox-cli/tests/settings_e2e.rs
assertion_line: 1238
expression: "&frame_after_a"
---
┌Settings──────────────────────────────────────────────────────────────────────┐
│▾ Connections [0]                                                             │
│    Name▸ ▏                                                                   │
│▸ Models                                                                      │
│                                                                              │
│                                                                              │
│                                                                              │
│                                                                              │
│                                                                              │
│                                                                              │
│                                                                              │
│                                                                              │
│                                                                              │
│                                                                              │
│                                                                              │
│                                                                              │
│                                                                              │
│                                                                              │
│                                                                              │
│                                                                              │
│                                                                              │
│                                                                              │
│                                                                              │
└──────────────────────────────────────────────────────────────────────────────┘
