---
source: crates/ox-cli/tests/settings_e2e.rs
assertion_line: 1350
expression: "&frame_typed"
---
┌Settings──────────────────────────────────────────────────────────────────────┐
│Name: my-personal                                                             │
│Protocol: (not selected)  select a protocol                                   │
│Endpoint:   required                                                          │
│Auth: (not selected)  select an auth scheme                                   │
│Key:   required for x-api-key / bearer-token                                  │
│▸ Connections [0]                                                             │
│▸ Models                                                                      │
│                                                                              │
│                                                                              │
│                                                                              │
│                                                                              │
│                                                                              │
│                                                                              │
│                                                                              │
│                                                                              │
│                                                                              │
│                                                                              │
│                                                                              │
│                                                                              │
│                                                                              │
│                                                                              │
│                                                                              │
└──────────────────────────────────────────────────────────────────────────────┘
