---
source: crates/ox-cli/tests/settings_e2e.rs
expression: "&frame"
---
┌Settings──────────────────────────────────────────────────────────────────────┐
│▸ Connections [0]                                                             │
│▸ Models                                                                      │
│                                                                              │
│                                                                              │
│                                                                              │
│               ┌New connection────────────────────────────────┐               │
│               │Name: Tes  Enter to create. Esc to cancel.    │               │
│               │                                              │               │
│               │                                              │               │
│               │                                              │               │
│               │                                              │               │
│               │                                              │               │
│               │                                              │               │
│               │                                              │               │
│               │                                              │               │
│               │                                              │               │
│               └──────────────────────────────────────────────┘               │
│                                                                              │
│                                                                              │
│                                                                              │
│                                                                              │
│                                                                              │
└──────────────────────────────────────────────────────────────────────────────┘
