---
source: crates/ox-cli/tests/settings_e2e.rs
expression: "&frame_after_two"
---
┌Settings──────────────────────────────────────────────────────────────────────┐
│▾ Connections [1]                                                             │
│    + New connection                                                          │
│  ▾ LMStudio                                                                  │
│  openai · http://127.0.0.1:1234                                              │
│      Name: LMStudio                                                          │
│      Protocol: ◂ anthropic  openai  anthropic ▸                              │
│      Endpoint: http://127.0.0.1:1234                                         │
│      Auth: none                                                              │
│      Key: (unset)                                                            │
│▸ Models                                                                      │
│                                                                              │
│                                                                              │
│                                                                              │
│                                                                              │
│                                                                              │
│                                                                              │
│                                                                              │
│                                                                              │
│                                                                              │
│                                                                              │
│                                                                              │
│                                                                        ? help│
└──────────────────────────────────────────────────────────────────────────────┘
